// Jest Snapshot v1, https://goo.gl/fbAQLP

exports[`Password Changer snapshot has not changed 1`] = `
<form novalidate="novalidate" id="PasswordChanger">
    <div class="input-group input-group--append-icon input-group--text-field primary--text" data-vv-id="6" aria-required="true" aria-invalid="false">
        <label for="OldPassword">Old Password</label>
        <div class="input-group__input">
            <input autocomplete="new-password" name="old-password" data-vv-name="old-password" data-vv-as="Old Password" data-vv-delay="0" id="OldPassword" tabindex="0" type="password">
            <i aria-hidden="true" class="icon material-icons input-group__append-icon input-group__icon-cb">visibility</i>
        </div>
        <div class="input-group__details">
            <!---->
        </div>
    </div>
    <div class="input-group input-group--append-icon input-group--text-field primary--text" data-vv-id="7" aria-required="true" aria-invalid="false">
        <label for="NewPassword">New Password</label>
        <div class="input-group__input">
            <input autocomplete="new-password" name="new-password" data-vv-name="new-password" data-vv-as="New Password" id="NewPassword" tabindex="0" type="password">
            <i aria-hidden="true" class="icon material-icons input-group__append-icon input-group__icon-cb">visibility</i>
        </div>
        <div class="input-group__details">
            <!---->
        </div>
    </div>
    <div class="input-group input-group--append-icon input-group--text-field primary--text" data-vv-id="8" aria-required="true" aria-invalid="false">
        <label for="ConfirmedNewPassword">Confirm New Password</label>
        <div class="input-group__input">
            <input autocomplete="new-password" name="confirmed-new-password" data-vv-name="confirmed-new-password" data-vv-as="Confirmed New Password" id="ConfirmedNewPassword" tabindex="0" type="password">
            <i aria-hidden="true" class="icon material-icons input-group__append-icon input-group__icon-cb">visibility</i>
        </div>
        <div class="input-group__details">
            <!---->
        </div>
    </div>
    <button type="submit" class="btn secondary" raised="raised" id="PasswordChangerSubmitButton">
        <div class="btn__content">Submit</div>
    </button>
    <button type="button" class="btn secondary" raised="raised" id="PasswordChangerResetButton">
        <div class="btn__content">Reset</div>
    </button>
</form>
`;
